Archive member included because of file (symbol)

d:/dave-4.1.2/eclipse/arm-gcc-49/bin/../lib/gcc/arm-none-eabi/4.9.3/../../../../arm-none-eabi/lib/armv7e-m/softfp\libm.a(lib_a-sf_sin.o)
                              ./main.o (sinf)
d:/dave-4.1.2/eclipse/arm-gcc-49/bin/../lib/gcc/arm-none-eabi/4.9.3/../../../../arm-none-eabi/lib/armv7e-m/softfp\libm.a(lib_a-ef_rem_pio2.o)
                              d:/dave-4.1.2/eclipse/arm-gcc-49/bin/../lib/gcc/arm-none-eabi/4.9.3/../../../../arm-none-eabi/lib/armv7e-m/softfp\libm.a(lib_a-sf_sin.o) (__ieee754_rem_pio2f)
d:/dave-4.1.2/eclipse/arm-gcc-49/bin/../lib/gcc/arm-none-eabi/4.9.3/../../../../arm-none-eabi/lib/armv7e-m/softfp\libm.a(lib_a-kf_cos.o)
                              d:/dave-4.1.2/eclipse/arm-gcc-49/bin/../lib/gcc/arm-none-eabi/4.9.3/../../../../arm-none-eabi/lib/armv7e-m/softfp\libm.a(lib_a-sf_sin.o) (__kernel_cosf)
d:/dave-4.1.2/eclipse/arm-gcc-49/bin/../lib/gcc/arm-none-eabi/4.9.3/../../../../arm-none-eabi/lib/armv7e-m/softfp\libm.a(lib_a-kf_rem_pio2.o)
                              d:/dave-4.1.2/eclipse/arm-gcc-49/bin/../lib/gcc/arm-none-eabi/4.9.3/../../../../arm-none-eabi/lib/armv7e-m/softfp\libm.a(lib_a-ef_rem_pio2.o) (__kernel_rem_pio2f)
d:/dave-4.1.2/eclipse/arm-gcc-49/bin/../lib/gcc/arm-none-eabi/4.9.3/../../../../arm-none-eabi/lib/armv7e-m/softfp\libm.a(lib_a-kf_sin.o)
                              d:/dave-4.1.2/eclipse/arm-gcc-49/bin/../lib/gcc/arm-none-eabi/4.9.3/../../../../arm-none-eabi/lib/armv7e-m/softfp\libm.a(lib_a-sf_sin.o) (__kernel_sinf)
d:/dave-4.1.2/eclipse/arm-gcc-49/bin/../lib/gcc/arm-none-eabi/4.9.3/../../../../arm-none-eabi/lib/armv7e-m/softfp\libm.a(lib_a-sf_fabs.o)
                              d:/dave-4.1.2/eclipse/arm-gcc-49/bin/../lib/gcc/arm-none-eabi/4.9.3/../../../../arm-none-eabi/lib/armv7e-m/softfp\libm.a(lib_a-ef_rem_pio2.o) (fabsf)
d:/dave-4.1.2/eclipse/arm-gcc-49/bin/../lib/gcc/arm-none-eabi/4.9.3/../../../../arm-none-eabi/lib/armv7e-m/softfp\libm.a(lib_a-sf_floor.o)
                              d:/dave-4.1.2/eclipse/arm-gcc-49/bin/../lib/gcc/arm-none-eabi/4.9.3/../../../../arm-none-eabi/lib/armv7e-m/softfp\libm.a(lib_a-kf_rem_pio2.o) (floorf)
d:/dave-4.1.2/eclipse/arm-gcc-49/bin/../lib/gcc/arm-none-eabi/4.9.3/../../../../arm-none-eabi/lib/armv7e-m/softfp\libm.a(lib_a-sf_scalbn.o)
                              d:/dave-4.1.2/eclipse/arm-gcc-49/bin/../lib/gcc/arm-none-eabi/4.9.3/../../../../arm-none-eabi/lib/armv7e-m/softfp\libm.a(lib_a-kf_rem_pio2.o) (scalbnf)
d:/dave-4.1.2/eclipse/arm-gcc-49/bin/../lib/gcc/arm-none-eabi/4.9.3/../../../../arm-none-eabi/lib/armv7e-m/softfp\libm.a(lib_a-sf_copysign.o)
                              d:/dave-4.1.2/eclipse/arm-gcc-49/bin/../lib/gcc/arm-none-eabi/4.9.3/../../../../arm-none-eabi/lib/armv7e-m/softfp\libm.a(lib_a-sf_scalbn.o) (copysignf)
d:/dave-4.1.2/eclipse/arm-gcc-49/bin/../lib/gcc/arm-none-eabi/4.9.3/armv7e-m/softfp\libgcc.a(_arm_addsubdf3.o)
                              ./main.o (__aeabi_dsub)
d:/dave-4.1.2/eclipse/arm-gcc-49/bin/../lib/gcc/arm-none-eabi/4.9.3/armv7e-m/softfp\libgcc.a(_arm_muldivdf3.o)
                              ./main.o (__aeabi_dmul)
d:/dave-4.1.2/eclipse/arm-gcc-49/bin/../lib/gcc/arm-none-eabi/4.9.3/armv7e-m/softfp\libgcc.a(_arm_truncdfsf2.o)
                              ./main.o (__aeabi_d2f)
d:/dave-4.1.2/eclipse/arm-gcc-49/bin/../lib/gcc/arm-none-eabi/4.9.3/../../../../arm-none-eabi/lib/armv7e-m/softfp\libg_nano.a(lib_a-init.o)
                              ./Startup/startup_XMC4500.o (__libc_init_array)
d:/dave-4.1.2/eclipse/arm-gcc-49/bin/../lib/gcc/arm-none-eabi/4.9.3/../../../../arm-none-eabi/lib/armv7e-m/softfp\libg_nano.a(lib_a-memcpy.o)
                              ./Libraries/XMCLib/src/xmc_eth_mac.o (memcpy)
d:/dave-4.1.2/eclipse/arm-gcc-49/bin/../lib/gcc/arm-none-eabi/4.9.3/../../../../arm-none-eabi/lib/armv7e-m/softfp\libg_nano.a(lib_a-memset.o)
                              ./Libraries/XMCLib/src/xmc_usbd.o (memset)

Allocating common symbols
Common symbol       size              file

dma0_event_handlers
                    0x20              ./Libraries/XMCLib/src/xmc_dma.o
g_timer_tbl         0x120             ./Dave/Generated/SYSTIMER/systimer.o
dma1_event_handlers
                    0x10              ./Libraries/XMCLib/src/xmc_dma.o
event_handler_list  0x80              ./Libraries/XMCLib/src/xmc4_scu.o
usbd_init           0x4               ./Libraries/XMCLib/src/xmc_usbd.o
xmc_device          0x208             ./Libraries/XMCLib/src/xmc_usbd.o

Discarded input sections

 .text          0x00000000        0x0 ./Startup/startup_XMC4500.o
 .data          0x00000000        0x0 ./Startup/startup_XMC4500.o
 .bss           0x00000000        0x0 ./Startup/startup_XMC4500.o
 .text          0x00000000        0x0 ./Startup/system_XMC4500.o
 .data          0x00000000        0x0 ./Startup/system_XMC4500.o
 .bss           0x00000000        0x0 ./Startup/system_XMC4500.o
 .text.delay    0x00000000       0x28 ./Startup/system_XMC4500.o
[...]
Memory Configuration

Name             Origin             Length             Attributes
FLASH_1_cached   0x08000000         0x00100000         xr
FLASH_1_uncached 0x0c000000         0x00100000         xr
PSRAM_1          0x10000000         0x00010000         !xr
DSRAM_1_system   0x20000000         0x00010000         !xr
DSRAM_2_comm     0x30000000         0x00008000         !xr
*default*        0x00000000         0xffffffff

Linker script and memory map

LOAD ./Startup/startup_XMC4500.o
LOAD ./Startup/system_XMC4500.o
LOAD ./Libraries/XMCLib/src/xmc4_eru.o
LOAD ./Libraries/XMCLib/src/xmc4_flash.o
LOAD ./Libraries/XMCLib/src/xmc4_gpio.o
LOAD ./Libraries/XMCLib/src/xmc4_rtc.o
LOAD ./Libraries/XMCLib/src/xmc4_scu.o
LOAD ./Libraries/XMCLib/src/xmc_can.o
LOAD ./Libraries/XMCLib/src/xmc_ccu4.o
LOAD ./Libraries/XMCLib/src/xmc_ccu8.o
LOAD ./Libraries/XMCLib/src/xmc_common.o
LOAD ./Libraries/XMCLib/src/xmc_dac.o
LOAD ./Libraries/XMCLib/src/xmc_dma.o
LOAD ./Libraries/XMCLib/src/xmc_dsd.o
LOAD ./Libraries/XMCLib/src/xmc_ebu.o
LOAD ./Libraries/XMCLib/src/xmc_eru.o
LOAD ./Libraries/XMCLib/src/xmc_eth_mac.o
LOAD ./Libraries/XMCLib/src/xmc_fce.o
LOAD ./Libraries/XMCLib/src/xmc_gpio.o
LOAD ./Libraries/XMCLib/src/xmc_hrpwm.o
LOAD ./Libraries/XMCLib/src/xmc_i2c.o
LOAD ./Libraries/XMCLib/src/xmc_i2s.o
LOAD ./Libraries/XMCLib/src/xmc_ledts.o
LOAD ./Libraries/XMCLib/src/xmc_posif.o
LOAD ./Libraries/XMCLib/src/xmc_rtc.o
LOAD ./Libraries/XMCLib/src/xmc_sdmmc.o
LOAD ./Libraries/XMCLib/src/xmc_spi.o
LOAD ./Libraries/XMCLib/src/xmc_uart.o
LOAD ./Libraries/XMCLib/src/xmc_usbd.o
LOAD ./Libraries/XMCLib/src/xmc_usic.o
LOAD ./Libraries/XMCLib/src/xmc_vadc.o
LOAD ./Libraries/XMCLib/src/xmc_wdt.o
LOAD ./Libraries/Newlib/syscalls.o
LOAD ./Dave/Generated/SYSTIMER/systimer.o
LOAD ./Dave/Generated/SYSTIMER/systimer_conf.o
LOAD ./Dave/Generated/PWM_CCU8/pwm_ccu8.o
LOAD ./Dave/Generated/PWM_CCU8/pwm_ccu8_conf.o
LOAD ./Dave/Generated/GLOBAL_CCU8/global_ccu8.o
LOAD ./Dave/Generated/GLOBAL_CCU8/global_ccu8_conf.o
LOAD ./Dave/Generated/EVENT_DETECTOR/event_detector.o
LOAD ./Dave/Generated/EVENT_DETECTOR/event_detector_conf.o
LOAD ./Dave/Generated/CPU_CTRL_XMC4/cpu_ctrl_xmc4.o
LOAD ./Dave/Generated/CPU_CTRL_XMC4/cpu_ctrl_xmc4_conf.o
LOAD ./Dave/Generated/CLOCK_XMC4/clock_xmc4.o
LOAD ./Dave/Generated/CLOCK_XMC4/clock_xmc4_conf.o
LOAD ./Dave/Generated/DAVE.o
LOAD ./main.o
LOAD d:/dave-4.1.2/eclipse/arm-gcc-49/bin/../lib/gcc/arm-none-eabi/4.9.3/../../../../arm-none-eabi/lib/armv7e-m/softfp\libm.a
START GROUP
LOAD d:/dave-4.1.2/eclipse/arm-gcc-49/bin/../lib/gcc/arm-none-eabi/4.9.3/armv7e-m/softfp\libgcc.a
LOAD d:/dave-4.1.2/eclipse/arm-gcc-49/bin/../lib/gcc/arm-none-eabi/4.9.3/../../../../arm-none-eabi/lib/armv7e-m/softfp\libg_nano.a
LOAD d:/dave-4.1.2/eclipse/arm-gcc-49/bin/../lib/gcc/arm-none-eabi/4.9.3/../../../../arm-none-eabi/lib/armv7e-m/softfp\libc_nano.a
END GROUP
START GROUP
LOAD d:/dave-4.1.2/eclipse/arm-gcc-49/bin/../lib/gcc/arm-none-eabi/4.9.3/armv7e-m/softfp\libgcc.a
LOAD d:/dave-4.1.2/eclipse/arm-gcc-49/bin/../lib/gcc/arm-none-eabi/4.9.3/../../../../arm-none-eabi/lib/armv7e-m/softfp\libc_nano.a
END GROUP
                0x00000800                stack_size = 0x800

.text           0x08000000     0x3d9c load address 0x0c000000
                0x08000000                sText = .
 *(.reset)
 .reset         0x08000000      0x2b4 ./Startup/startup_XMC4500.o
                0x08000000                __Vectors
                0x08000200                Reset_Handler
                0x080002b0                DSD0_7_IRQHandler
                0x080002b0                DebugMon_Handler
                0x080002b0                VADC0_C0_0_IRQHandler
                0x080002b0                CAN0_4_IRQHandler
                0x080002b0                VADC0_G2_0_IRQHandler
                0x080002b0                USIC0_5_IRQHandler
                0x080002b0                POSIF0_0_IRQHandler
                0x080002b0                POSIF1_0_IRQHandler
                0x080002b0                HardFault_Handler
                0x080002b0                VADC0_G1_1_IRQHandler
                0x080002b0                PendSV_Handler
                0x080002b0                NMI_Handler
                0x080002b0                USIC1_3_IRQHandler
                0x080002b0                CCU40_2_IRQHandler
                0x080002b0                SCU_0_IRQHandler
                0x080002b0                ERU0_0_IRQHandler
                0x080002b0                CCU41_0_IRQHandler
                0x080002b0                USIC1_5_IRQHandler
                0x080002b0                DSD0_4_IRQHandler
                0x080002b0                CCU80_1_IRQHandler
                0x080002b0                CCU81_0_IRQHandler
                0x080002b0                UsageFault_Handler
                0x080002b0                USIC0_0_IRQHandler
                0x080002b0                POSIF1_1_IRQHandler
                0x080002b0                ERU0_2_IRQHandler
                0x080002b0                CCU81_1_IRQHandler
                0x080002b0                ERU1_1_IRQHandler
                0x080002b0                VADC0_G2_3_IRQHandler
                0x080002b0                VADC0_G2_2_IRQHandler
                0x080002b0                CCU42_3_IRQHandler
                0x080002b0                ERU0_3_IRQHandler
                0x080002b0                DSD0_5_IRQHandler
                0x080002b0                VADC0_C0_3_IRQHandler
                0x080002b0                CAN0_6_IRQHandler
                0x080002b0                CCU43_0_IRQHandler
                0x080002b0                VADC0_G0_1_IRQHandler
                0x080002b0                CCU81_2_IRQHandler
                0x080002b0                USIC2_4_IRQHandler
                0x080002b0                CCU81_3_IRQHandler
                0x080002b0                CCU42_1_IRQHandler
                0x080002b0                USIC1_1_IRQHandler
                0x080002b0                USIC2_5_IRQHandler
                0x080002b0                CCU40_0_IRQHandler
                0x080002b0                CAN0_0_IRQHandler
                0x080002b0                ERU1_0_IRQHandler
                0x080002b0                CCU42_2_IRQHandler
                0x080002b0                Default_Handler
                0x080002b0                USIC1_4_IRQHandler
                0x080002b0                ERU1_3_IRQHandler
                0x080002b0                USIC1_0_IRQHandler
                0x080002b0                POSIF0_1_IRQHandler
                0x080002b0                VADC0_G0_0_IRQHandler
                0x080002b0                DSD0_2_IRQHandler
                0x080002b0                CCU80_3_IRQHandler
                0x080002b0                CCU41_3_IRQHandler
                0x080002b0                CCU80_2_IRQHandler
                0x080002b0                VADC0_G1_3_IRQHandler
                0x080002b0                VADC0_G0_3_IRQHandler
                0x080002b0                GPDMA0_0_IRQHandler
                0x080002b0                PMU0_0_IRQHandler
                0x080002b0                CAN0_7_IRQHandler
                0x080002b0                DSD0_1_IRQHandler
                0x080002b0                CCU41_2_IRQHandler
                0x080002b0                VADC0_C0_1_IRQHandler
                0x080002b0                CCU43_2_IRQHandler
                0x080002b0                USIC2_2_IRQHandler
                0x080002b0                MemManage_Handler
                0x080002b0                VADC0_G3_1_IRQHandler
                0x080002b0                DAC0_0_IRQHandler
                0x080002b0                SVC_Handler
                0x080002b0                VADC0_G3_3_IRQHandler
                0x080002b0                ERU1_2_IRQHandler
                0x080002b0                CCU41_1_IRQHandler
                0x080002b0                DSD0_6_IRQHandler
                0x080002b0                CCU43_1_IRQHandler
                0x080002b0                VADC0_G1_2_IRQHandler
                0x080002b0                USIC2_3_IRQHandler
                0x080002b0                CAN0_2_IRQHandler
                0x080002b0                USIC2_0_IRQHandler
                0x080002b0                VADC0_G0_2_IRQHandler
                0x080002b0                VADC0_G2_1_IRQHandler
                0x080002b0                CAN0_3_IRQHandler
                0x080002b0                ETH0_0_IRQHandler
                0x080002b0                USIC0_3_IRQHandler
                0x080002b0                DSD0_0_IRQHandler
                0x080002b0                VADC0_C0_2_IRQHandler
                0x080002b0                CCU42_0_IRQHandler
                0x080002b0                FCE0_0_IRQHandler
                0x080002b0                VADC0_G1_0_IRQHandler
                0x080002b0                USB0_0_IRQHandler
                0x080002b0                CAN0_5_IRQHandler
                0x080002b0                CCU40_1_IRQHandler
                0x080002b0                USIC2_1_IRQHandler
                0x080002b0                USIC0_1_IRQHandler
                0x080002b0                VADC0_G3_2_IRQHandler
                0x080002b0                CCU40_3_IRQHandler
                0x080002b0                BusFault_Handler
                0x080002b0                LEDTS0_0_IRQHandler
                0x080002b0                USIC0_4_IRQHandler
                0x080002b0                CCU43_3_IRQHandler
                0x080002b0                ERU0_1_IRQHandler
                0x080002b0                VADC0_G3_0_IRQHandler
                0x080002b0                USIC1_2_IRQHandler
                0x080002b0                DSD0_3_IRQHandler
                0x080002b0                SDMMC0_0_IRQHandler
                0x080002b0                CAN0_1_IRQHandler
                0x080002b0                USIC0_2_IRQHandler
                0x080002b0                DAC0_1_IRQHandler
                0x080002b0                GPDMA1_0_IRQHandler
 *(.text .text.* .gnu.linkonce.t.*)
 .text.SystemInit
                0x080002b4       0x20 ./Startup/system_XMC4500.o
                0x080002b4                SystemInit
 .text.SystemCoreClockUpdate
                0x080002d4       0xd4 ./Startup/system_XMC4500.o
                0x080002d4                SystemCoreClockUpdate
 .text.XMC_ERU_Enable
                0x080003a8       0x24 ./Libraries/XMCLib/src/xmc4_eru.o
                0x080003a8                XMC_ERU_Enable
 .text.XMC_GPIO_Init
                0x080003cc      0x140 ./Libraries/XMCLib/src/xmc4_gpio.o
                0x080003cc                XMC_GPIO_Init
 .text.XMC_SCU_lDelay
                0x0800050c       0x44 ./Libraries/XMCLib/src/xmc4_scu.o
 .text.XMC_SCU_CLOCK_Init
                0x08000550       0xbc ./Libraries/XMCLib/src/xmc4_scu.o
                0x08000550                XMC_SCU_CLOCK_Init
 .text.XMC_SCU_RESET_DeassertPeripheralReset
                0x0800060c       0x3c ./Libraries/XMCLib/src/xmc4_scu.o
                0x0800060c                XMC_SCU_RESET_DeassertPeripheralReset
 .text.XMC_SCU_CLOCK_SetSystemClockSource
                0x08000648       0x28 ./Libraries/XMCLib/src/xmc4_scu.o
                0x08000648                XMC_SCU_CLOCK_SetSystemClockSource
 .text.XMC_SCU_CLOCK_SetUsbClockSource
                0x08000670       0x28 ./Libraries/XMCLib/src/xmc4_scu.o
                0x08000670                XMC_SCU_CLOCK_SetUsbClockSource
 .text.XMC_SCU_CLOCK_SetWdtClockSource
                0x08000698       0x28 ./Libraries/XMCLib/src/xmc4_scu.o
                0x08000698                XMC_SCU_CLOCK_SetWdtClockSource
 .text.XMC_SCU_CLOCK_SetSystemPllClockSource
                0x080006c0       0x40 ./Libraries/XMCLib/src/xmc4_scu.o
                0x080006c0                XMC_SCU_CLOCK_SetSystemPllClockSource
 .text.XMC_SCU_HIB_SetRtcClockSource
                0x08000700       0x3c ./Libraries/XMCLib/src/xmc4_scu.o
                0x08000700                XMC_SCU_HIB_SetRtcClockSource
 .text.XMC_SCU_HIB_SetStandbyClockSource
                0x0800073c       0x3c ./Libraries/XMCLib/src/xmc4_scu.o
                0x0800073c                XMC_SCU_HIB_SetStandbyClockSource
 .text.XMC_SCU_CLOCK_SetSystemClockDivider
                0x08000778       0x28 ./Libraries/XMCLib/src/xmc4_scu.o
                0x08000778                XMC_SCU_CLOCK_SetSystemClockDivider
 .text.XMC_SCU_CLOCK_SetCcuClockDivider
                0x080007a0       0x28 ./Libraries/XMCLib/src/xmc4_scu.o
                0x080007a0                XMC_SCU_CLOCK_SetCcuClockDivider
 .text.XMC_SCU_CLOCK_SetCpuClockDivider
                0x080007c8       0x28 ./Libraries/XMCLib/src/xmc4_scu.o
                0x080007c8                XMC_SCU_CLOCK_SetCpuClockDivider
 .text.XMC_SCU_CLOCK_SetPeripheralClockDivider
                0x080007f0       0x28 ./Libraries/XMCLib/src/xmc4_scu.o
                0x080007f0                XMC_SCU_CLOCK_SetPeripheralClockDivider
 .text.XMC_SCU_CLOCK_SetUsbClockDivider
                0x08000818       0x28 ./Libraries/XMCLib/src/xmc4_scu.o
                0x08000818                XMC_SCU_CLOCK_SetUsbClockDivider
 .text.XMC_SCU_CLOCK_SetEbuClockDivider
                0x08000840       0x28 ./Libraries/XMCLib/src/xmc4_scu.o
                0x08000840                XMC_SCU_CLOCK_SetEbuClockDivider
 .text.XMC_SCU_CLOCK_SetWdtClockDivider
                0x08000868       0x28 ./Libraries/XMCLib/src/xmc4_scu.o
                0x08000868                XMC_SCU_CLOCK_SetWdtClockDivider
 .text.XMC_SCU_CLOCK_EnableClock
                0x08000890       0x20 ./Libraries/XMCLib/src/xmc4_scu.o
                0x08000890                XMC_SCU_CLOCK_EnableClock
 .text.XMC_SCU_CLOCK_StartUsbPll
                0x080008b0       0x74 ./Libraries/XMCLib/src/xmc4_scu.o
                0x080008b0                XMC_SCU_CLOCK_StartUsbPll
 .text.XMC_SCU_CLOCK_SetBackupClockCalibrationMode
                0x08000924       0x4c ./Libraries/XMCLib/src/xmc4_scu.o
                0x08000924                XMC_SCU_CLOCK_SetBackupClockCalibrationMode
 .text.XMC_SCU_HIB_EnableHibernateDomain
                0x08000970       0x54 ./Libraries/XMCLib/src/xmc4_scu.o
                0x08000970                XMC_SCU_HIB_EnableHibernateDomain
 .text.XMC_SCU_CLOCK_EnableLowPowerOscillator
                0x080009c4       0x74 ./Libraries/XMCLib/src/xmc4_scu.o
                0x080009c4                XMC_SCU_CLOCK_EnableLowPowerOscillator
 .text.XMC_SCU_CLOCK_EnableHighPerformanceOscillator
                0x08000a38       0x60 ./Libraries/XMCLib/src/xmc4_scu.o
                0x08000a38                XMC_SCU_CLOCK_EnableHighPerformanceOscillator
 .text.XMC_SCU_CLOCK_EnableSystemPll
                0x08000a98       0x20 ./Libraries/XMCLib/src/xmc4_scu.o
                0x08000a98                XMC_SCU_CLOCK_EnableSystemPll
 .text.XMC_SCU_CLOCK_DisableSystemPll
                0x08000ab8       0x20 ./Libraries/XMCLib/src/xmc4_scu.o
                0x08000ab8                XMC_SCU_CLOCK_DisableSystemPll
 .text.XMC_SCU_CLOCK_StartSystemPll
                0x08000ad8      0x1a0 ./Libraries/XMCLib/src/xmc4_scu.o
                0x08000ad8                XMC_SCU_CLOCK_StartSystemPll
 .text.XMC_SCU_CLOCK_StepSystemPllFrequency
                0x08000c78       0x2c ./Libraries/XMCLib/src/xmc4_scu.o
                0x08000c78                XMC_SCU_CLOCK_StepSystemPllFrequency
 .text.XMC_CCU8_StartPrescaler
                0x08000ca4       0x20 ./Libraries/XMCLib/src/xmc_ccu8.o
 .text.XMC_CCU8_SLICE_StopTimer
                0x08000cc4       0x20 ./Libraries/XMCLib/src/xmc_ccu8.o
 .text.XMC_CCU8_lDeassertReset
                0x08000ce4       0x38 ./Libraries/XMCLib/src/xmc_ccu8.o
 .text.XMC_CCU8_EnableModule
                0x08000d1c       0x1c ./Libraries/XMCLib/src/xmc_ccu8.o
                0x08000d1c                XMC_CCU8_EnableModule
 .text.XMC_CCU8_Init
                0x08000d38       0x3c ./Libraries/XMCLib/src/xmc_ccu8.o
                0x08000d38                XMC_CCU8_Init
 .text.XMC_CCU8_SLICE_CompareInit
                0x08000d74       0x74 ./Libraries/XMCLib/src/xmc_ccu8.o
                0x08000d74                XMC_CCU8_SLICE_CompareInit
 .text.XMC_CCU8_SetMultiChannelShadowTransferMode
                0x08000de8       0x38 ./Libraries/XMCLib/src/xmc_ccu8.o
                0x08000de8                XMC_CCU8_SetMultiChannelShadowTransferMode
 .text.XMC_CCU8_SLICE_StartConfig
                0x08000e20       0x5c ./Libraries/XMCLib/src/xmc_ccu8.o
                0x08000e20                XMC_CCU8_SLICE_StartConfig
 .text.XMC_CCU8_SLICE_StopConfig
                0x08000e7c       0x58 ./Libraries/XMCLib/src/xmc_ccu8.o
                0x08000e7c                XMC_CCU8_SLICE_StopConfig
 .text.XMC_CCU8_SLICE_LoadConfig
                0x08000ed4       0x34 ./Libraries/XMCLib/src/xmc_ccu8.o
                0x08000ed4                XMC_CCU8_SLICE_LoadConfig
 .text.XMC_CCU8_SLICE_LoadSelector
                0x08000f08       0x34 ./Libraries/XMCLib/src/xmc_ccu8.o
                0x08000f08                XMC_CCU8_SLICE_LoadSelector
 .text.XMC_CCU8_SLICE_ModulationConfig
                0x08000f3c       0x90 ./Libraries/XMCLib/src/xmc_ccu8.o
                0x08000f3c                XMC_CCU8_SLICE_ModulationConfig
 .text.XMC_CCU8_SLICE_CountConfig
                0x08000fcc       0x34 ./Libraries/XMCLib/src/xmc_ccu8.o
                0x08000fcc                XMC_CCU8_SLICE_CountConfig
 .text.XMC_CCU8_SLICE_GateConfig
                0x08001000       0x34 ./Libraries/XMCLib/src/xmc_ccu8.o
                0x08001000                XMC_CCU8_SLICE_GateConfig
 .text.XMC_CCU8_SLICE_DirectionConfig
                0x08001034       0x34 ./Libraries/XMCLib/src/xmc_ccu8.o
                0x08001034                XMC_CCU8_SLICE_DirectionConfig
 .text.XMC_CCU8_SLICE_StatusBitOverrideConfig
                0x08001068       0x30 ./Libraries/XMCLib/src/xmc_ccu8.o
                0x08001068                XMC_CCU8_SLICE_StatusBitOverrideConfig
 .text.XMC_CCU8_SLICE_TrapConfig
                0x08001098       0x74 ./Libraries/XMCLib/src/xmc_ccu8.o
                0x08001098                XMC_CCU8_SLICE_TrapConfig
 .text.XMC_CCU8_SLICE_ConfigureStatusBitOverrideEvent
                0x0800110c       0xc4 ./Libraries/XMCLib/src/xmc_ccu8.o
                0x0800110c                XMC_CCU8_SLICE_ConfigureStatusBitOverrideEvent
 .text.XMC_CCU8_SLICE_ConfigureEvent
                0x080011d0       0xd4 ./Libraries/XMCLib/src/xmc_ccu8.o
                0x080011d0                XMC_CCU8_SLICE_ConfigureEvent
 .text.XMC_CCU8_SLICE_SetTimerPeriodMatch
                0x080012a4       0x1c ./Libraries/XMCLib/src/xmc_ccu8.o
                0x080012a4                XMC_CCU8_SLICE_SetTimerPeriodMatch
 .text.XMC_CCU8_SLICE_SetTimerCompareMatch
                0x080012c0       0x30 ./Libraries/XMCLib/src/xmc_ccu8.o
                0x080012c0                XMC_CCU8_SLICE_SetTimerCompareMatch
 .text.XMC_CCU8_SLICE_SetInterruptNode
                0x080012f0       0xb8 ./Libraries/XMCLib/src/xmc_ccu8.o
                0x080012f0                XMC_CCU8_SLICE_SetInterruptNode
 .text.XMC_CCU8_SLICE_DeadTimeInit
                0x080013a8       0x2c ./Libraries/XMCLib/src/xmc_ccu8.o
                0x080013a8                XMC_CCU8_SLICE_DeadTimeInit
 .text.XMC_ERU_ETL_Init
                0x080013d4       0x4c ./Libraries/XMCLib/src/xmc_eru.o
                0x080013d4                XMC_ERU_ETL_Init
 .text._init    0x08001420        0xc ./Libraries/Newlib/syscalls.o
                0x08001420                _init
 .text.NVIC_GetPriorityGrouping
                0x0800142c       0x1c ./Dave/Generated/SYSTIMER/systimer.o
 .text.NVIC_SetPriority
                0x08001448       0x54 ./Dave/Generated/SYSTIMER/systimer.o
 .text.NVIC_EncodePriority
                0x0800149c       0x64 ./Dave/Generated/SYSTIMER/systimer.o
 .text.SysTick_Config
                0x08001500       0x44 ./Dave/Generated/SYSTIMER/systimer.o
 .text.SYSTIMER_lInsertTimerList
                0x08001544      0x1c4 ./Dave/Generated/SYSTIMER/systimer.o
 .text.SYSTIMER_lRemoveTimerList
                0x08001708       0xc0 ./Dave/Generated/SYSTIMER/systimer.o
 .text.SYSTIMER_lTimerHandler
                0x080017c8       0xbc ./Dave/Generated/SYSTIMER/systimer.o
 .text.SysTick_Handler
                0x08001884       0x48 ./Dave/Generated/SYSTIMER/systimer.o
                0x08001884                SysTick_Handler
 .text.SYSTIMER_Init
                0x080018cc       0x74 ./Dave/Generated/SYSTIMER/systimer.o
                0x080018cc                SYSTIMER_Init
 .text.XMC_CCU8_EnableClock
                0x08001940       0x28 ./Dave/Generated/PWM_CCU8/pwm_ccu8.o
 .text.XMC_CCU8_SLICE_EnableTrap
                0x08001968       0x24 ./Dave/Generated/PWM_CCU8/pwm_ccu8.o
 .text.XMC_CCU8_SLICE_StartTimer
                0x0800198c       0x18 ./Dave/Generated/PWM_CCU8/pwm_ccu8.o
 .text.XMC_CCU8_SLICE_GetTimerPeriodMatch
                0x080019a4       0x1c ./Dave/Generated/PWM_CCU8/pwm_ccu8.o
 .text.XMC_CCU8_EnableShadowTransfer
                0x080019c0       0x20 ./Dave/Generated/PWM_CCU8/pwm_ccu8.o
 .text.XMC_CCU8_SLICE_EnableEvent
                0x080019e0       0x2c ./Dave/Generated/PWM_CCU8/pwm_ccu8.o
 .text.PWM_CCU8_Init
                0x08001a0c      0x15c ./Dave/Generated/PWM_CCU8/pwm_ccu8.o
                0x08001a0c                PWM_CCU8_Init
 .text.PWM_CCU8_lInit_Interrupt
                0x08001b68      0x188 ./Dave/Generated/PWM_CCU8/pwm_ccu8.o
 .text.PWM_CCU8_lInit_GPIO
                0x08001cf0       0xb8 ./Dave/Generated/PWM_CCU8/pwm_ccu8.o
 .text.PWM_CCU8_lConfigure_Events
                0x08001da8      0x1e0 ./Dave/Generated/PWM_CCU8/pwm_ccu8.o
 .text.PWM_CCU8_Start
                0x08001f88       0x58 ./Dave/Generated/PWM_CCU8/pwm_ccu8.o
                0x08001f88                PWM_CCU8_Start
 .text.PWM_CCU8_SetFreqSymmetric
                0x08001fe0      0x100 ./Dave/Generated/PWM_CCU8/pwm_ccu8.o
                0x08001fe0                PWM_CCU8_SetFreqSymmetric
 .text.PWM_CCU8_SetDutyCycleSymmetric
                0x080020e0       0x98 ./Dave/Generated/PWM_CCU8/pwm_ccu8.o
                0x080020e0                PWM_CCU8_SetDutyCycleSymmetric
 .text.XMC_CCU8_StartPrescaler
                0x08002178       0x20 ./Dave/Generated/GLOBAL_CCU8/global_ccu8.o
 .text.GLOBAL_CCU8_Init
                0x08002198       0x40 ./Dave/Generated/GLOBAL_CCU8/global_ccu8.o
                0x08002198                GLOBAL_CCU8_Init
 .text.EVENT_DETECTOR_Init
                0x080021d8       0x3c ./Dave/Generated/EVENT_DETECTOR/event_detector.o
                0x080021d8                EVENT_DETECTOR_Init
 .text.NVIC_SetPriorityGrouping
                0x08002214       0x48 ./Dave/Generated/CPU_CTRL_XMC4/cpu_ctrl_xmc4_conf.o
 .text.SystemCoreSetup
                0x0800225c       0xa0 ./Dave/Generated/CPU_CTRL_XMC4/cpu_ctrl_xmc4_conf.o
                0x0800225c                SystemCoreSetup
 .text.OSCHP_GetFrequency
                0x080022fc       0x14 ./Dave/Generated/CLOCK_XMC4/clock_xmc4.o
                0x080022fc                OSCHP_GetFrequency
 .text.SystemCoreClockSetup
                0x08002310       0x54 ./Dave/Generated/CLOCK_XMC4/clock_xmc4_conf.o
                0x08002310                SystemCoreClockSetup
 .text.DAVE_Init
                0x08002364       0x78 ./Dave/Generated/DAVE.o
                0x08002364                DAVE_Init
 .text.NVIC_EnableIRQ
                0x080023dc       0x30 ./main.o
 .text.XMC_CCU8_SLICE_EnableEvent
                0x0800240c       0x2c ./main.o
 .text.main     0x08002438       0x44 ./main.o
                0x08002438                main
 *fill*         0x0800247c        0x4 
 .text.ZSM_update
                0x08002480      0x2e0 ./main.o
                0x08002480                ZSM_update
 .text.PWM_set_freq
                0x08002760       0x34 ./main.o
                0x08002760                PWM_set_freq
 .text.PWM_set_duty
                0x08002794       0x78 ./main.o
                0x08002794                PWM_set_duty
 .text.PWM_set_interrupt
                0x0800280c       0x24 ./main.o
                0x0800280c                PWM_set_interrupt
 .text.CCU80_0_IRQHandler
                0x08002830       0x18 ./main.o
                0x08002830                CCU80_0_IRQHandler
 .text.sinf     0x08002848       0x9c d:/dave-4.1.2/eclipse/arm-gcc-49/bin/../lib/gcc/arm-none-eabi/4.9.3/../../../../arm-none-eabi/lib/armv7e-m/softfp\libm.a(lib_a-sf_sin.o)
                0x08002848                sinf
 .text.__ieee754_rem_pio2f
                0x080028e4      0x298 d:/dave-4.1.2/eclipse/arm-gcc-49/bin/../lib/gcc/arm-none-eabi/4.9.3/../../../../arm-none-eabi/lib/armv7e-m/softfp\libm.a(lib_a-ef_rem_pio2.o)
                0x080028e4                __ieee754_rem_pio2f
 .text.__kernel_cosf
                0x08002b7c      0x114 d:/dave-4.1.2/eclipse/arm-gcc-49/bin/../lib/gcc/arm-none-eabi/4.9.3/../../../../arm-none-eabi/lib/armv7e-m/softfp\libm.a(lib_a-kf_cos.o)
                0x08002b7c                __kernel_cosf
 .text.__kernel_rem_pio2f
                0x08002c90      0x628 d:/dave-4.1.2/eclipse/arm-gcc-49/bin/../lib/gcc/arm-none-eabi/4.9.3/../../../../arm-none-eabi/lib/armv7e-m/softfp\libm.a(lib_a-kf_rem_pio2.o)
                0x08002c90                __kernel_rem_pio2f
 .text.__kernel_sinf
                0x080032b8       0x9c d:/dave-4.1.2/eclipse/arm-gcc-49/bin/../lib/gcc/arm-none-eabi/4.9.3/../../../../arm-none-eabi/lib/armv7e-m/softfp\libm.a(lib_a-kf_sin.o)
                0x080032b8                __kernel_sinf
 .text.fabsf    0x08003354        0x8 d:/dave-4.1.2/eclipse/arm-gcc-49/bin/../lib/gcc/arm-none-eabi/4.9.3/../../../../arm-none-eabi/lib/armv7e-m/softfp\libm.a(lib_a-sf_fabs.o)
                0x08003354                fabsf
 .text.floorf   0x0800335c       0xb4 d:/dave-4.1.2/eclipse/arm-gcc-49/bin/../lib/gcc/arm-none-eabi/4.9.3/../../../../arm-none-eabi/lib/armv7e-m/softfp\libm.a(lib_a-sf_floor.o)
                0x0800335c                floorf
 .text.scalbnf  0x08003410      0x100 d:/dave-4.1.2/eclipse/arm-gcc-49/bin/../lib/gcc/arm-none-eabi/4.9.3/../../../../arm-none-eabi/lib/armv7e-m/softfp\libm.a(lib_a-sf_scalbn.o)
                0x08003410                scalbnf
 .text.copysignf
                0x08003510        0xc d:/dave-4.1.2/eclipse/arm-gcc-49/bin/../lib/gcc/arm-none-eabi/4.9.3/../../../../arm-none-eabi/lib/armv7e-m/softfp\libm.a(lib_a-sf_copysign.o)
                0x08003510                copysignf
 .text          0x0800351c      0x370 d:/dave-4.1.2/eclipse/arm-gcc-49/bin/../lib/gcc/arm-none-eabi/4.9.3/armv7e-m/softfp\libgcc.a(_arm_addsubdf3.o)
                0x0800351c                __aeabi_drsub
                0x08003524                __aeabi_dsub
                0x08003524                __subdf3
                0x08003528                __aeabi_dadd
                0x08003528                __adddf3
                0x080037a0                __floatunsidf
                0x080037a0                __aeabi_ui2d
                0x080037c0                __floatsidf
                0x080037c0                __aeabi_i2d
                0x080037e4                __aeabi_f2d
                0x080037e4                __extendsfdf2
                0x08003820                __floatundidf
                0x08003820                __aeabi_ul2d
                0x08003830                __floatdidf
                0x08003830                __aeabi_l2d
 .text          0x0800388c      0x424 d:/dave-4.1.2/eclipse/arm-gcc-49/bin/../lib/gcc/arm-none-eabi/4.9.3/armv7e-m/softfp\libgcc.a(_arm_muldivdf3.o)
                0x0800388c                __aeabi_dmul
                0x0800388c                __muldf3
                0x08003ae0                __divdf3
                0x08003ae0                __aeabi_ddiv
 .text          0x08003cb0       0xa0 d:/dave-4.1.2/eclipse/arm-gcc-49/bin/../lib/gcc/arm-none-eabi/4.9.3/armv7e-m/softfp\libgcc.a(_arm_truncdfsf2.o)
                0x08003cb0                __truncdfsf2
                0x08003cb0                __aeabi_d2f
 .text.__libc_init_array
                0x08003d50       0x4c d:/dave-4.1.2/eclipse/arm-gcc-49/bin/../lib/gcc/arm-none-eabi/4.9.3/../../../../arm-none-eabi/lib/armv7e-m/softfp\libg_nano.a(lib_a-init.o)
                0x08003d50                __libc_init_array
 *(.glue*)
 .glue_7        0x00000000        0x0 linker stubs
 .glue_7t       0x00000000        0x0 linker stubs
 *(.v4*)
 .v4_bx         0x00000000        0x0 linker stubs
 *(.vfp11_veneer)
 .vfp11_veneer  0x00000000        0x0 linker stubs
 *(.init)
                0x08003d9c                __preinit_array_start = .
 *(.preinit_array)
                0x08003d9c                __preinit_array_end = .
                0x08003d9c                __init_array_start = .
 *(SORT(.init_array.*))
 *(.init_array)
                0x08003d9c                __init_array_end = .
 *crtbegin.o(.ctors)
 *(EXCLUDE_FILE(*crtend.o) .ctors)
 *(SORT(.ctors.*))
 *crtend.o(.ctors)
 *(.fini)
                0x08003d9c                __fini_array_start = .
 *(.fini_array)
 *(SORT(.fini_array.*))
                0x08003d9c                __fini_array_end = .
 *crtbegin.o(.dtors)
 *(EXCLUDE_FILE(*crtend.o) .dtors)
 *(SORT(.dtors.*))
 *crtend.o(.dtors)
                0x08003d9c                __extab_start = .
 *(.ARM.extab* .gnu.linkonce.armextab.*)
                0x08003d9c                . = ALIGN (0x4)
                0x08003d9c                __extab_end = ABSOLUTE (.)

.iplt           0x08003d9c        0x0 load address 0x0c003d9c
 .iplt          0x00000000        0x0 ./Startup/startup_XMC4500.o

.ARM.exidx      0x08003d9c        0x0 load address 0x0c003d9c
                0x08003d9c                __exidx_start = .
 *(.ARM.exidx* .gnu.linkonce.armexidx.*)
                0x08003d9c                . = ALIGN (0x4)
                0x08003d9c                __exidx_end = ABSOLUTE (.)

.rodata         0x08003d9c      0x660 load address 0x0c003d9c
 *(.rodata .rodata.*)
 .rodata.clear_peripheral_reset.7320
                0x08003d9c       0x10 ./Libraries/XMCLib/src/xmc4_scu.o
 .rodata.PWM_CCU8_0_timer_handle
                0x08003dac       0x10 ./Dave/Generated/PWM_CCU8/pwm_ccu8_conf.o
                0x08003dac                PWM_CCU8_0_timer_handle
 .rodata.PWM_CCU8_0_event0_config
                0x08003dbc        0x4 ./Dave/Generated/PWM_CCU8/pwm_ccu8_conf.o
                0x08003dbc                PWM_CCU8_0_event0_config
 .rodata.PWM_CCU8_0_event1_config
                0x08003dc0        0x4 ./Dave/Generated/PWM_CCU8/pwm_ccu8_conf.o
                0x08003dc0                PWM_CCU8_0_event1_config
 .rodata.PWM_CCU8_0_event2_config
                0x08003dc4        0x4 ./Dave/Generated/PWM_CCU8/pwm_ccu8_conf.o
                0x08003dc4                PWM_CCU8_0_event2_config
 .rodata.PWM_CCU8_0_dt_config
                0x08003dc8        0xc ./Dave/Generated/PWM_CCU8/pwm_ccu8_conf.o
                0x08003dc8                PWM_CCU8_0_dt_config
 .rodata.PWM_CCU8_0_ch1_out0_config
                0x08003dd4        0xc ./Dave/Generated/PWM_CCU8/pwm_ccu8_conf.o
                0x08003dd4                PWM_CCU8_0_ch1_out0_config
 .rodata.PWM_CCU8_0_ch1_out1_config
                0x08003de0        0xc ./Dave/Generated/PWM_CCU8/pwm_ccu8_conf.o
                0x08003de0                PWM_CCU8_0_ch1_out1_config
 .rodata.PWM_CCU8_0_config_handle
                0x08003dec       0x8c ./Dave/Generated/PWM_CCU8/pwm_ccu8_conf.o
                0x08003dec                PWM_CCU8_0_config_handle
 .rodata.PWM_CCU8_1_timer_handle
                0x08003e78       0x10 ./Dave/Generated/PWM_CCU8/pwm_ccu8_conf.o
                0x08003e78                PWM_CCU8_1_timer_handle
 .rodata.PWM_CCU8_1_event0_config
                0x08003e88        0x4 ./Dave/Generated/PWM_CCU8/pwm_ccu8_conf.o
                0x08003e88                PWM_CCU8_1_event0_config
 .rodata.PWM_CCU8_1_event1_config
                0x08003e8c        0x4 ./Dave/Generated/PWM_CCU8/pwm_ccu8_conf.o
                0x08003e8c                PWM_CCU8_1_event1_config
 .rodata.PWM_CCU8_1_event2_config
                0x08003e90        0x4 ./Dave/Generated/PWM_CCU8/pwm_ccu8_conf.o
                0x08003e90                PWM_CCU8_1_event2_config
 .rodata.PWM_CCU8_1_dt_config
                0x08003e94        0xc ./Dave/Generated/PWM_CCU8/pwm_ccu8_conf.o
                0x08003e94                PWM_CCU8_1_dt_config
 .rodata.PWM_CCU8_1_ch1_out0_config
                0x08003ea0        0xc ./Dave/Generated/PWM_CCU8/pwm_ccu8_conf.o
                0x08003ea0                PWM_CCU8_1_ch1_out0_config
 .rodata.PWM_CCU8_1_ch1_out1_config
                0x08003eac        0xc ./Dave/Generated/PWM_CCU8/pwm_ccu8_conf.o
                0x08003eac                PWM_CCU8_1_ch1_out1_config
 .rodata.PWM_CCU8_1_config_handle
                0x08003eb8       0x8c ./Dave/Generated/PWM_CCU8/pwm_ccu8_conf.o
                0x08003eb8                PWM_CCU8_1_config_handle
 .rodata.PWM_CCU8_2_timer_handle
                0x08003f44       0x10 ./Dave/Generated/PWM_CCU8/pwm_ccu8_conf.o
                0x08003f44                PWM_CCU8_2_timer_handle
 .rodata.PWM_CCU8_2_event0_config
                0x08003f54        0x4 ./Dave/Generated/PWM_CCU8/pwm_ccu8_conf.o
                0x08003f54                PWM_CCU8_2_event0_config
 .rodata.PWM_CCU8_2_event1_config
                0x08003f58        0x4 ./Dave/Generated/PWM_CCU8/pwm_ccu8_conf.o
                0x08003f58                PWM_CCU8_2_event1_config
 .rodata.PWM_CCU8_2_event2_config
                0x08003f5c        0x4 ./Dave/Generated/PWM_CCU8/pwm_ccu8_conf.o
                0x08003f5c                PWM_CCU8_2_event2_config
 .rodata.PWM_CCU8_2_dt_config
                0x08003f60        0xc ./Dave/Generated/PWM_CCU8/pwm_ccu8_conf.o
                0x08003f60                PWM_CCU8_2_dt_config
 .rodata.PWM_CCU8_2_ch1_out0_config
                0x08003f6c        0xc ./Dave/Generated/PWM_CCU8/pwm_ccu8_conf.o
                0x08003f6c                PWM_CCU8_2_ch1_out0_config
 .rodata.PWM_CCU8_2_ch1_out1_config
                0x08003f78        0xc ./Dave/Generated/PWM_CCU8/pwm_ccu8_conf.o
                0x08003f78                PWM_CCU8_2_ch1_out1_config
 .rodata.PWM_CCU8_2_config_handle
                0x08003f84       0x8c ./Dave/Generated/PWM_CCU8/pwm_ccu8_conf.o
                0x08003f84                PWM_CCU8_2_config_handle
 .rodata.EVENT_DETECTOR_0_ETL_Config
                0x08004010        0x8 ./Dave/Generated/EVENT_DETECTOR/event_detector_conf.o
                0x08004010                EVENT_DETECTOR_0_ETL_Config
 .rodata        0x08004018       0x14 ./Dave/Generated/CLOCK_XMC4/clock_xmc4_conf.o
 .rodata.npio2_hw
                0x0800402c       0x80 d:/dave-4.1.2/eclipse/arm-gcc-49/bin/../lib/gcc/arm-none-eabi/4.9.3/../../../../arm-none-eabi/lib/armv7e-m/softfp\libm.a(lib_a-ef_rem_pio2.o)
 .rodata.two_over_pi
                0x080040ac      0x318 d:/dave-4.1.2/eclipse/arm-gcc-49/bin/../lib/gcc/arm-none-eabi/4.9.3/../../../../arm-none-eabi/lib/armv7e-m/softfp\libm.a(lib_a-ef_rem_pio2.o)
 .rodata.init_jk
                0x080043c4        0xc d:/dave-4.1.2/eclipse/arm-gcc-49/bin/../lib/gcc/arm-none-eabi/4.9.3/../../../../arm-none-eabi/lib/armv7e-m/softfp\libm.a(lib_a-kf_rem_pio2.o)
 .rodata.PIo2   0x080043d0       0x2c d:/dave-4.1.2/eclipse/arm-gcc-49/bin/../lib/gcc/arm-none-eabi/4.9.3/../../../../arm-none-eabi/lib/armv7e-m/softfp\libm.a(lib_a-kf_rem_pio2.o)
 *(.gnu.linkonce.r*)

.rel.dyn        0x080043fc        0x0 load address 0x0c0043fc
 .rel.iplt      0x00000000        0x0 ./Startup/startup_XMC4500.o
                0x08004400                . = ALIGN (0x10)
                0x0c004400                __ram_load = (. | 0x4000000)

Stack           0x10000000      0x800
                0x10000800                . = (. + stack_size)
 *fill*         0x10000000      0x800 
                0x10000800                __initial_sp = .

.ram_code       0x10000800        0x0 load address 0x0c004400
                0x10000800                __ram_code_start = .
 *(.ram_code)
                0x10000800                . = ALIGN (0x4)
                0x10000800                __ram_code_end = .
                0x0c004400                __ram_code_load = LOADADDR (.ram_code)
                0x00000000                __ram_code_size = (__ram_code_end - __ram_code_start)

PSRAM_DATA      0x10000800        0x0 load address 0x0c004400
                0x10000800                __data3_start = .
 *(PSRAM_DATA)
                0x10000800                . = ALIGN (0x4)
                0x10000800                __data3_end = .
                0x0c004400                __data3_load = LOADADDR (PSRAM_DATA)
                0x00000000                __data3_size = (__data3_end - __data3_start)

PSRAM_BSS       0x10000800        0x0
                0x10000800                __bss3_start = .
 *(PSRAM_BSS)
                0x10000800                . = ALIGN (0x4)
                0x10000800                __bss3_end = .
                0x10000800                . = ALIGN (0x8)
                0x10000800                Heap_Bank3_Start = .
                0x00000000                __bss3_size = (__bss3_end - __bss3_start)

.data           0x20000000       0xbc load address 0x0c004400
                0x20000000                __data_start = .
 *(.data)
 *(.data*)
 .data.PWM_CCU8_0
                0x20000000       0x34 ./Dave/Generated/PWM_CCU8/pwm_ccu8_conf.o
                0x20000000                PWM_CCU8_0
 .data.PWM_CCU8_1
                0x20000034       0x34 ./Dave/Generated/PWM_CCU8/pwm_ccu8_conf.o
                0x20000034                PWM_CCU8_1
 .data.PWM_CCU8_2
                0x20000068       0x34 ./Dave/Generated/PWM_CCU8/pwm_ccu8_conf.o
                0x20000068                PWM_CCU8_2
 .data.GLOBAL_CCU8_0
                0x2000009c       0x10 ./Dave/Generated/GLOBAL_CCU8/global_ccu8_conf.o
                0x2000009c                GLOBAL_CCU8_0
 .data.EVENT_DETECTOR_0
                0x200000ac       0x10 ./Dave/Generated/EVENT_DETECTOR/event_detector_conf.o
                0x200000ac                EVENT_DETECTOR_0
 *(*.data)
 *(.gnu.linkonce.d*)
                0x200000bc                . = ALIGN (0x4)
                0x200000bc                __data_end = .
                0x0c004400                __data_load = LOADADDR (.data)
                0x000000bc                __data_size = (__data_end - __data_start)

.igot.plt       0x200000bc        0x0 load address 0x0c0044bc
 .igot.plt      0x00000000        0x0 ./Startup/startup_XMC4500.o

.bss            0x200000bc      0x134 load address 0x0c0044bc
                0x200000bc                __bss_start = .
 *(.bss)
 *(.bss*)
 .bss.g_timer_list
                0x200000bc        0x4 ./Dave/Generated/SYSTIMER/systimer.o
                0x200000bc                g_timer_list
 .bss.g_timer_tracker
                0x200000c0        0x4 ./Dave/Generated/SYSTIMER/systimer.o
                0x200000c0                g_timer_tracker
 .bss.g_systick_count
                0x200000c4        0x4 ./Dave/Generated/SYSTIMER/systimer.o
                0x200000c4                g_systick_count
 .bss.SYSTIMER_0
                0x200000c8        0x4 ./Dave/Generated/SYSTIMER/systimer_conf.o
                0x200000c8                SYSTIMER_0
 .bss.time.8451
                0x200000cc        0x4 ./main.o
 *(COMMON)
 COMMON         0x200000d0      0x120 ./Dave/Generated/SYSTIMER/systimer.o
                0x200000d0                g_timer_tbl
 *(.gnu.linkonce.b*)
                0x200001f0                . = ALIGN (0x4)
                0x200001f0                __bss_end = .
                0x200001f0                . = ALIGN (0x8)
                0x200001f0                Heap_Bank1_Start = .
                0x00000134                __bss_size = (__bss_end - __bss_start)

.no_init        0x2000ffc0       0x14 load address 0x0c0143c0
                0x2000ffc0                Heap_Bank1_End = .
 *(.no_init)
 .no_init       0x2000ffc0       0x14 ./Startup/system_XMC4500.o
                0x2000ffc0                SystemCoreClock
                0x2000ffc4                g_chipid

DSRAM2_DATA     0x30000000        0x0 load address 0x0c0044bc
                0x30000000                __data2_start = .
 *(DSRAM2_DATA)
                0x30000000                . = ALIGN (0x4)
                0x30000000                __data2_end = .
                0x0c0044bc                __data2_load = LOADADDR (DSRAM2_DATA)
                0x00000000                __data2_size = (__data2_end - __data2_start)

DSRAM2_BSS      0x30000000        0x0
                0x30000000                __bss2_start = .
 *(ETH_RAM)
 *(USB_RAM)
 *(DSRAM2_BSS)
                0x30000000                . = ALIGN (0x4)
                0x30000000                __bss2_end = .
                0x30000000                . = ALIGN (0x8)
                0x30000000                Heap_Bank2_Start = .
                0x00000000                __bss2_size = (__bss2_end - __bss2_start)
                0x0000fdd0                Heap_Bank1_Size = (Heap_Bank1_End - Heap_Bank1_Start)
                0x00008000                Heap_Bank2_Size = (0x8000 - (Heap_Bank2_Start - ORIGIN (DSRAM_2_comm)))
                0x0000f800                Heap_Bank3_Size = (0x10000 - (Heap_Bank3_Start - ORIGIN (PSRAM_1)))

/DISCARD/
 *(.comment)

.stab
 *(.stab)

.stabstr
 *(.stabstr)

.debug
 *(.debug)

.line
 *(.line)

.debug_srcinfo
 *(.debug_srcinfo)

.debug_sfnames
 *(.debug_sfnames)

.debug_aranges  0x00000000      0x9e8
 *(.debug_aranges)
 .debug_aranges
                0x00000000       0x20 ./Startup/startup_XMC4500.o
 .debug_aranges
                0x00000020       0x48 ./Startup/system_XMC4500.o
 .debug_aranges
                0x00000068       0x28 ./Libraries/XMCLib/src/xmc4_eru.o
 .debug_aranges
                0x00000090       0x28 ./Libraries/XMCLib/src/xmc4_gpio.o
 .debug_aranges
                0x000000b8      0x318 ./Libraries/XMCLib/src/xmc4_scu.o
 .debug_aranges
                0x000003d0      0x180 ./Libraries/XMCLib/src/xmc_ccu8.o
 .debug_aranges
                0x00000550       0x80 ./Libraries/XMCLib/src/xmc_eru.o
 .debug_aranges
                0x000005d0       0xa0 ./Libraries/Newlib/syscalls.o
 .debug_aranges
                0x00000670       0xa8 ./Dave/Generated/SYSTIMER/systimer.o
 .debug_aranges
                0x00000718       0x18 ./Dave/Generated/SYSTIMER/systimer_conf.o
 .debug_aranges
                0x00000730      0x120 ./Dave/Generated/PWM_CCU8/pwm_ccu8.o
 .debug_aranges
                0x00000850       0x18 ./Dave/Generated/PWM_CCU8/pwm_ccu8_conf.o
 .debug_aranges
                0x00000868       0x30 ./Dave/Generated/GLOBAL_CCU8/global_ccu8.o
 .debug_aranges
                0x00000898       0x18 ./Dave/Generated/GLOBAL_CCU8/global_ccu8_conf.o
 .debug_aranges
                0x000008b0       0x28 ./Dave/Generated/EVENT_DETECTOR/event_detector.o
 .debug_aranges
                0x000008d8       0x18 ./Dave/Generated/EVENT_DETECTOR/event_detector_conf.o
 .debug_aranges
                0x000008f0       0x28 ./Dave/Generated/CPU_CTRL_XMC4/cpu_ctrl_xmc4_conf.o
 .debug_aranges
                0x00000918       0x38 ./Dave/Generated/CLOCK_XMC4/clock_xmc4.o
 .debug_aranges
                0x00000950       0x20 ./Dave/Generated/CLOCK_XMC4/clock_xmc4_conf.o
 .debug_aranges
                0x00000970       0x20 ./Dave/Generated/DAVE.o
 .debug_aranges
                0x00000990       0x58 ./main.o

.debug_pubnames
 *(.debug_pubnames)

.debug_pubtypes
 *(.debug_pubtypes)

.debug_info     0x00000000     0xecf1
 *(.debug_info .gnu.linkonce.wi.*)
 .debug_info    0x00000000       0x71 ./Startup/startup_XMC4500.o
 .debug_info    0x00000071      0x8d1 ./Startup/system_XMC4500.o
 .debug_info    0x00000942      0x4ae ./Libraries/XMCLib/src/xmc4_eru.o
 .debug_info    0x00000df0      0x422 ./Libraries/XMCLib/src/xmc4_gpio.o
 .debug_info    0x00001212     0x1d4d ./Libraries/XMCLib/src/xmc4_scu.o
 .debug_info    0x00002f5f     0x1c60 ./Libraries/XMCLib/src/xmc_ccu8.o
 .debug_info    0x00004bbf      0xa70 ./Libraries/XMCLib/src/xmc_eru.o
 .debug_info    0x0000562f      0x65c ./Libraries/Newlib/syscalls.o
 .debug_info    0x00005c8b      0xd6a ./Dave/Generated/SYSTIMER/systimer.o
 .debug_info    0x000069f5       0xda ./Dave/Generated/SYSTIMER/systimer_conf.o
 .debug_info    0x00006acf     0x1e31 ./Dave/Generated/PWM_CCU8/pwm_ccu8.o
 .debug_info    0x00008900     0x1630 ./Dave/Generated/PWM_CCU8/pwm_ccu8_conf.o
 .debug_info    0x00009f30      0x3cd ./Dave/Generated/GLOBAL_CCU8/global_ccu8.o
 .debug_info    0x0000a2fd      0x2cd ./Dave/Generated/GLOBAL_CCU8/global_ccu8_conf.o
 .debug_info    0x0000a5ca      0x59a ./Dave/Generated/EVENT_DETECTOR/event_detector.o
 .debug_info    0x0000ab64      0x5f4 ./Dave/Generated/EVENT_DETECTOR/event_detector_conf.o
 .debug_info    0x0000b158      0x475 ./Dave/Generated/CPU_CTRL_XMC4/cpu_ctrl_xmc4_conf.o
 .debug_info    0x0000b5cd      0x224 ./Dave/Generated/CLOCK_XMC4/clock_xmc4.o
 .debug_info    0x0000b7f1      0x385 ./Dave/Generated/CLOCK_XMC4/clock_xmc4_conf.o
 .debug_info    0x0000bb76     0x17ad ./Dave/Generated/DAVE.o
 .debug_info    0x0000d323     0x19ce ./main.o

.debug_abbrev   0x00000000     0x2062
 *(.debug_abbrev)
 .debug_abbrev  0x00000000       0x14 ./Startup/startup_XMC4500.o
 .debug_abbrev  0x00000014      0x1a1 ./Startup/system_XMC4500.o
 .debug_abbrev  0x000001b5      0x13b ./Libraries/XMCLib/src/xmc4_eru.o
 .debug_abbrev  0x000002f0      0x11b ./Libraries/XMCLib/src/xmc4_gpio.o
 .debug_abbrev  0x0000040b      0x2cc ./Libraries/XMCLib/src/xmc4_scu.o
 .debug_abbrev  0x000006d7      0x21e ./Libraries/XMCLib/src/xmc_ccu8.o
 .debug_abbrev  0x000008f5      0x1cc ./Libraries/XMCLib/src/xmc_eru.o
 .debug_abbrev  0x00000ac1      0x146 ./Libraries/Newlib/syscalls.o
 .debug_abbrev  0x00000c07      0x295 ./Dave/Generated/SYSTIMER/systimer.o
 .debug_abbrev  0x00000e9c       0x7a ./Dave/Generated/SYSTIMER/systimer_conf.o
 .debug_abbrev  0x00000f16      0x28c ./Dave/Generated/PWM_CCU8/pwm_ccu8.o
 .debug_abbrev  0x000011a2      0x19c ./Dave/Generated/PWM_CCU8/pwm_ccu8_conf.o
 .debug_abbrev  0x0000133e      0x16f ./Dave/Generated/GLOBAL_CCU8/global_ccu8.o
 .debug_abbrev  0x000014ad       0xfd ./Dave/Generated/GLOBAL_CCU8/global_ccu8_conf.o
 .debug_abbrev  0x000015aa      0x1a7 ./Dave/Generated/EVENT_DETECTOR/event_detector.o
 .debug_abbrev  0x00001751      0x15c ./Dave/Generated/EVENT_DETECTOR/event_detector_conf.o
 .debug_abbrev  0x000018ad      0x184 ./Dave/Generated/CPU_CTRL_XMC4/cpu_ctrl_xmc4_conf.o
 .debug_abbrev  0x00001a31      0x10f ./Dave/Generated/CLOCK_XMC4/clock_xmc4.o
 .debug_abbrev  0x00001b40      0x104 ./Dave/Generated/CLOCK_XMC4/clock_xmc4_conf.o
 .debug_abbrev  0x00001c44      0x1ab ./Dave/Generated/DAVE.o
 .debug_abbrev  0x00001def      0x273 ./main.o

.debug_line     0x00000000     0x40de
 *(.debug_line)
 .debug_line    0x00000000       0x88 ./Startup/startup_XMC4500.o
 .debug_line    0x00000088      0x2ad ./Startup/system_XMC4500.o
 .debug_line    0x00000335      0x20a ./Libraries/XMCLib/src/xmc4_eru.o
 .debug_line    0x0000053f      0x1b7 ./Libraries/XMCLib/src/xmc4_gpio.o
 .debug_line    0x000006f6      0xb16 ./Libraries/XMCLib/src/xmc4_scu.o
 .debug_line    0x0000120c      0x66f ./Libraries/XMCLib/src/xmc_ccu8.o
 .debug_line    0x0000187b      0x268 ./Libraries/XMCLib/src/xmc_eru.o
 .debug_line    0x00001ae3      0x1f6 ./Libraries/Newlib/syscalls.o
 .debug_line    0x00001cd9      0x424 ./Dave/Generated/SYSTIMER/systimer.o
 .debug_line    0x000020fd      0x13b ./Dave/Generated/SYSTIMER/systimer_conf.o
 .debug_line    0x00002238      0x699 ./Dave/Generated/PWM_CCU8/pwm_ccu8.o
 .debug_line    0x000028d1      0x279 ./Dave/Generated/PWM_CCU8/pwm_ccu8_conf.o
 .debug_line    0x00002b4a      0x295 ./Dave/Generated/GLOBAL_CCU8/global_ccu8.o
 .debug_line    0x00002ddf      0x212 ./Dave/Generated/GLOBAL_CCU8/global_ccu8_conf.o
 .debug_line    0x00002ff1      0x201 ./Dave/Generated/EVENT_DETECTOR/event_detector.o
 .debug_line    0x000031f2      0x195 ./Dave/Generated/EVENT_DETECTOR/event_detector_conf.o
 .debug_line    0x00003387      0x21e ./Dave/Generated/CPU_CTRL_XMC4/cpu_ctrl_xmc4_conf.o
 .debug_line    0x000035a5      0x23d ./Dave/Generated/CLOCK_XMC4/clock_xmc4.o
 .debug_line    0x000037e2      0x210 ./Dave/Generated/CLOCK_XMC4/clock_xmc4_conf.o
 .debug_line    0x000039f2      0x334 ./Dave/Generated/DAVE.o
 .debug_line    0x00003d26      0x3b8 ./main.o

.debug_frame    0x00000000     0x29d0
 *(.debug_frame)
 .debug_frame   0x00000000       0xec ./Startup/system_XMC4500.o
 .debug_frame   0x000000ec       0x60 ./Libraries/XMCLib/src/xmc4_eru.o
 .debug_frame   0x0000014c       0x60 ./Libraries/XMCLib/src/xmc4_gpio.o
 .debug_frame   0x000001ac      0xe78 ./Libraries/XMCLib/src/xmc4_scu.o
 .debug_frame   0x00001024      0x718 ./Libraries/XMCLib/src/xmc_ccu8.o
 .debug_frame   0x0000173c      0x218 ./Libraries/XMCLib/src/xmc_eru.o
 .debug_frame   0x00001954      0x29c ./Libraries/Newlib/syscalls.o
 .debug_frame   0x00001bf0      0x2dc ./Dave/Generated/SYSTIMER/systimer.o
 .debug_frame   0x00001ecc      0x538 ./Dave/Generated/PWM_CCU8/pwm_ccu8.o
 .debug_frame   0x00002404       0x88 ./Dave/Generated/GLOBAL_CCU8/global_ccu8.o
 .debug_frame   0x0000248c       0x60 ./Dave/Generated/EVENT_DETECTOR/event_detector.o
 .debug_frame   0x000024ec       0x60 ./Dave/Generated/CPU_CTRL_XMC4/cpu_ctrl_xmc4_conf.o
 .debug_frame   0x0000254c       0xac ./Dave/Generated/CLOCK_XMC4/clock_xmc4.o
 .debug_frame   0x000025f8       0x3c ./Dave/Generated/CLOCK_XMC4/clock_xmc4_conf.o
 .debug_frame   0x00002634       0x38 ./Dave/Generated/DAVE.o
 .debug_frame   0x0000266c      0x13c ./main.o
 .debug_frame   0x000027a8       0x34 d:/dave-4.1.2/eclipse/arm-gcc-49/bin/../lib/gcc/arm-none-eabi/4.9.3/../../../../arm-none-eabi/lib/armv7e-m/softfp\libm.a(lib_a-sf_sin.o)
 .debug_frame   0x000027dc       0x3c d:/dave-4.1.2/eclipse/arm-gcc-49/bin/../lib/gcc/arm-none-eabi/4.9.3/../../../../arm-none-eabi/lib/armv7e-m/softfp\libm.a(lib_a-ef_rem_pio2.o)
 .debug_frame   0x00002818       0x20 d:/dave-4.1.2/eclipse/arm-gcc-49/bin/../lib/gcc/arm-none-eabi/4.9.3/../../../../arm-none-eabi/lib/armv7e-m/softfp\libm.a(lib_a-kf_cos.o)
 .debug_frame   0x00002838       0x5c d:/dave-4.1.2/eclipse/arm-gcc-49/bin/../lib/gcc/arm-none-eabi/4.9.3/../../../../arm-none-eabi/lib/armv7e-m/softfp\libm.a(lib_a-kf_rem_pio2.o)
 .debug_frame   0x00002894       0x20 d:/dave-4.1.2/eclipse/arm-gcc-49/bin/../lib/gcc/arm-none-eabi/4.9.3/../../../../arm-none-eabi/lib/armv7e-m/softfp\libm.a(lib_a-kf_sin.o)
 .debug_frame   0x000028b4       0x20 d:/dave-4.1.2/eclipse/arm-gcc-49/bin/../lib/gcc/arm-none-eabi/4.9.3/../../../../arm-none-eabi/lib/armv7e-m/softfp\libm.a(lib_a-sf_fabs.o)
 .debug_frame   0x000028d4       0x48 d:/dave-4.1.2/eclipse/arm-gcc-49/bin/../lib/gcc/arm-none-eabi/4.9.3/../../../../arm-none-eabi/lib/armv7e-m/softfp\libm.a(lib_a-sf_floor.o)
 .debug_frame   0x0000291c       0x68 d:/dave-4.1.2/eclipse/arm-gcc-49/bin/../lib/gcc/arm-none-eabi/4.9.3/../../../../arm-none-eabi/lib/armv7e-m/softfp\libm.a(lib_a-sf_scalbn.o)
 .debug_frame   0x00002984       0x20 d:/dave-4.1.2/eclipse/arm-gcc-49/bin/../lib/gcc/arm-none-eabi/4.9.3/../../../../arm-none-eabi/lib/armv7e-m/softfp\libm.a(lib_a-sf_copysign.o)
 .debug_frame   0x000029a4       0x2c d:/dave-4.1.2/eclipse/arm-gcc-49/bin/../lib/gcc/arm-none-eabi/4.9.3/../../../../arm-none-eabi/lib/armv7e-m/softfp\libg_nano.a(lib_a-init.o)

.debug_str      0x00000000     0x6c5b
 *(.debug_str)
 .debug_str     0x00000000      0x4fd ./Startup/system_XMC4500.o
                                0x569 (size before relaxing)
 .debug_str     0x000004fd      0x3f1 ./Libraries/XMCLib/src/xmc4_eru.o
                                0x5e9 (size before relaxing)
 .debug_str     0x000008ee      0x549 ./Libraries/XMCLib/src/xmc4_gpio.o
                                0x758 (size before relaxing)
 .debug_str     0x00000e37     0x15fa ./Libraries/XMCLib/src/xmc4_scu.o
                               0x1db4 (size before relaxing)
 .debug_str     0x00002431     0x1a1d ./Libraries/XMCLib/src/xmc_ccu8.o
                               0x2039 (size before relaxing)
 .debug_str     0x00003e4e      0x9a8 ./Libraries/XMCLib/src/xmc_eru.o
                                0xc3f (size before relaxing)
 .debug_str     0x000047f6      0x217 ./Libraries/Newlib/syscalls.o
                                0x3ef (size before relaxing)
 .debug_str     0x00004a0d      0xa99 ./Dave/Generated/SYSTIMER/systimer.o
                                0xd31 (size before relaxing)
 .debug_str     0x000054a6       0x36 ./Dave/Generated/SYSTIMER/systimer_conf.o
                                0x212 (size before relaxing)
 .debug_str     0x000054dc      0xd8b ./Dave/Generated/PWM_CCU8/pwm_ccu8.o
                               0x2478 (size before relaxing)
 .debug_str     0x00006267      0x4ff ./Dave/Generated/PWM_CCU8/pwm_ccu8_conf.o
                               0x22e2 (size before relaxing)
 .debug_str     0x00006766       0x57 ./Dave/Generated/GLOBAL_CCU8/global_ccu8.o
                                0x56b (size before relaxing)
 .debug_str     0x000067bd       0x31 ./Dave/Generated/GLOBAL_CCU8/global_ccu8_conf.o
                                0x47f (size before relaxing)
 .debug_str     0x000067ee       0xed ./Dave/Generated/EVENT_DETECTOR/event_detector.o
                                0x453 (size before relaxing)
 .debug_str     0x000068db       0x64 ./Dave/Generated/EVENT_DETECTOR/event_detector_conf.o
                                0x7b3 (size before relaxing)
 .debug_str     0x0000693f       0x86 ./Dave/Generated/CPU_CTRL_XMC4/cpu_ctrl_xmc4_conf.o
                                0x396 (size before relaxing)
 .debug_str     0x000069c5       0xe7 ./Dave/Generated/CLOCK_XMC4/clock_xmc4.o
                                0x349 (size before relaxing)
 .debug_str     0x00006aac       0x50 ./Dave/Generated/CLOCK_XMC4/clock_xmc4_conf.o
                                0x729 (size before relaxing)
 .debug_str     0x00006afc       0x85 ./Dave/Generated/DAVE.o
                               0x1db7 (size before relaxing)
 .debug_str     0x00006b81       0xda ./main.o
                               0x251c (size before relaxing)

.debug_loc      0x00000000     0x527c
 *(.debug_loc)
 .debug_loc     0x00000000      0x1a4 ./Startup/system_XMC4500.o
 .debug_loc     0x000001a4       0xa0 ./Libraries/XMCLib/src/xmc4_eru.o
 .debug_loc     0x00000244       0xb8 ./Libraries/XMCLib/src/xmc4_gpio.o
 .debug_loc     0x000002fc     0x1e30 ./Libraries/XMCLib/src/xmc4_scu.o
 .debug_loc     0x0000212c      0xfcc ./Libraries/XMCLib/src/xmc_ccu8.o
 .debug_loc     0x000030f8      0x494 ./Libraries/XMCLib/src/xmc_eru.o
 .debug_loc     0x0000358c      0x598 ./Libraries/Newlib/syscalls.o
 .debug_loc     0x00003b24      0x5dc ./Dave/Generated/SYSTIMER/systimer.o
 .debug_loc     0x00004100      0xaf8 ./Dave/Generated/PWM_CCU8/pwm_ccu8.o
 .debug_loc     0x00004bf8      0x108 ./Dave/Generated/GLOBAL_CCU8/global_ccu8.o
 .debug_loc     0x00004d00       0xac ./Dave/Generated/EVENT_DETECTOR/event_detector.o
 .debug_loc     0x00004dac       0xac ./Dave/Generated/CPU_CTRL_XMC4/cpu_ctrl_xmc4_conf.o
 .debug_loc     0x00004e58      0x14c ./Dave/Generated/CLOCK_XMC4/clock_xmc4.o
 .debug_loc     0x00004fa4       0x50 ./Dave/Generated/CLOCK_XMC4/clock_xmc4_conf.o
 .debug_loc     0x00004ff4       0x50 ./Dave/Generated/DAVE.o
 .debug_loc     0x00005044      0x238 ./main.o

.debug_macinfo
 *(.debug_macinfo)

.debug_ranges   0x00000000      0x868
 *(.debug_ranges)
 .debug_ranges  0x00000000       0x38 ./Startup/system_XMC4500.o
 .debug_ranges  0x00000038       0x18 ./Libraries/XMCLib/src/xmc4_eru.o
 .debug_ranges  0x00000050       0x18 ./Libraries/XMCLib/src/xmc4_gpio.o
 .debug_ranges  0x00000068      0x308 ./Libraries/XMCLib/src/xmc4_scu.o
 .debug_ranges  0x00000370      0x170 ./Libraries/XMCLib/src/xmc_ccu8.o
 .debug_ranges  0x000004e0       0x70 ./Libraries/XMCLib/src/xmc_eru.o
 .debug_ranges  0x00000550       0x90 ./Libraries/Newlib/syscalls.o
 .debug_ranges  0x000005e0       0x98 ./Dave/Generated/SYSTIMER/systimer.o
 .debug_ranges  0x00000678      0x110 ./Dave/Generated/PWM_CCU8/pwm_ccu8.o
 .debug_ranges  0x00000788       0x20 ./Dave/Generated/GLOBAL_CCU8/global_ccu8.o
 .debug_ranges  0x000007a8       0x18 ./Dave/Generated/EVENT_DETECTOR/event_detector.o
 .debug_ranges  0x000007c0       0x18 ./Dave/Generated/CPU_CTRL_XMC4/cpu_ctrl_xmc4_conf.o
 .debug_ranges  0x000007d8       0x28 ./Dave/Generated/CLOCK_XMC4/clock_xmc4.o
 .debug_ranges  0x00000800       0x10 ./Dave/Generated/CLOCK_XMC4/clock_xmc4_conf.o
 .debug_ranges  0x00000810       0x10 ./Dave/Generated/DAVE.o
 .debug_ranges  0x00000820       0x48 ./main.o

.debug_weaknames
 *(.debug_weaknames)

.debug_funcnames
 *(.debug_funcnames)

.debug_typenames
 *(.debug_typenames)

.debug_varnames
 *(.debug_varnames)

.build_attributes
                0x00000000      0x6cb
 *(.ARM.attributes)
 .ARM.attributes
                0x00000000       0x25 ./Startup/startup_XMC4500.o
 .ARM.attributes
                0x00000025       0x37 ./Startup/system_XMC4500.o
 .ARM.attributes
                0x0000005c       0x37 ./Libraries/XMCLib/src/xmc4_eru.o
 .ARM.attributes
                0x00000093       0x37 ./Libraries/XMCLib/src/xmc4_gpio.o
 .ARM.attributes
                0x000000ca       0x37 ./Libraries/XMCLib/src/xmc4_scu.o
 .ARM.attributes
                0x00000101       0x37 ./Libraries/XMCLib/src/xmc_ccu8.o
 .ARM.attributes
                0x00000138       0x37 ./Libraries/XMCLib/src/xmc_eru.o
 .ARM.attributes
                0x0000016f       0x37 ./Libraries/Newlib/syscalls.o
 .ARM.attributes
                0x000001a6       0x37 ./Dave/Generated/SYSTIMER/systimer.o
 .ARM.attributes
                0x000001dd       0x37 ./Dave/Generated/SYSTIMER/systimer_conf.o
 .ARM.attributes
                0x00000214       0x37 ./Dave/Generated/PWM_CCU8/pwm_ccu8.o
 .ARM.attributes
                0x0000024b       0x37 ./Dave/Generated/PWM_CCU8/pwm_ccu8_conf.o
 .ARM.attributes
                0x00000282       0x37 ./Dave/Generated/GLOBAL_CCU8/global_ccu8.o
 .ARM.attributes
                0x000002b9       0x37 ./Dave/Generated/GLOBAL_CCU8/global_ccu8_conf.o
 .ARM.attributes
                0x000002f0       0x37 ./Dave/Generated/EVENT_DETECTOR/event_detector.o
 .ARM.attributes
                0x00000327       0x37 ./Dave/Generated/EVENT_DETECTOR/event_detector_conf.o
 .ARM.attributes
                0x0000035e       0x37 ./Dave/Generated/CPU_CTRL_XMC4/cpu_ctrl_xmc4_conf.o
 .ARM.attributes
                0x00000395       0x37 ./Dave/Generated/CLOCK_XMC4/clock_xmc4.o
 .ARM.attributes
                0x000003cc       0x37 ./Dave/Generated/CLOCK_XMC4/clock_xmc4_conf.o
 .ARM.attributes
                0x00000403       0x37 ./Dave/Generated/DAVE.o
 .ARM.attributes
                0x0000043a       0x37 ./main.o
 .ARM.attributes
                0x00000471       0x32 d:/dave-4.1.2/eclipse/arm-gcc-49/bin/../lib/gcc/arm-none-eabi/4.9.3/../../../../arm-none-eabi/lib/armv7e-m/softfp\libm.a(lib_a-sf_sin.o)
 .ARM.attributes
                0x000004a3       0x32 d:/dave-4.1.2/eclipse/arm-gcc-49/bin/../lib/gcc/arm-none-eabi/4.9.3/../../../../arm-none-eabi/lib/armv7e-m/softfp\libm.a(lib_a-ef_rem_pio2.o)
 .ARM.attributes
                0x000004d5       0x32 d:/dave-4.1.2/eclipse/arm-gcc-49/bin/../lib/gcc/arm-none-eabi/4.9.3/../../../../arm-none-eabi/lib/armv7e-m/softfp\libm.a(lib_a-kf_cos.o)
 .ARM.attributes
                0x00000507       0x32 d:/dave-4.1.2/eclipse/arm-gcc-49/bin/../lib/gcc/arm-none-eabi/4.9.3/../../../../arm-none-eabi/lib/armv7e-m/softfp\libm.a(lib_a-kf_rem_pio2.o)
 .ARM.attributes
                0x00000539       0x32 d:/dave-4.1.2/eclipse/arm-gcc-49/bin/../lib/gcc/arm-none-eabi/4.9.3/../../../../arm-none-eabi/lib/armv7e-m/softfp\libm.a(lib_a-kf_sin.o)
 .ARM.attributes
                0x0000056b       0x32 d:/dave-4.1.2/eclipse/arm-gcc-49/bin/../lib/gcc/arm-none-eabi/4.9.3/../../../../arm-none-eabi/lib/armv7e-m/softfp\libm.a(lib_a-sf_fabs.o)
 .ARM.attributes
                0x0000059d       0x32 d:/dave-4.1.2/eclipse/arm-gcc-49/bin/../lib/gcc/arm-none-eabi/4.9.3/../../../../arm-none-eabi/lib/armv7e-m/softfp\libm.a(lib_a-sf_floor.o)
 .ARM.attributes
                0x000005cf       0x32 d:/dave-4.1.2/eclipse/arm-gcc-49/bin/../lib/gcc/arm-none-eabi/4.9.3/../../../../arm-none-eabi/lib/armv7e-m/softfp\libm.a(lib_a-sf_scalbn.o)
 .ARM.attributes
                0x00000601       0x32 d:/dave-4.1.2/eclipse/arm-gcc-49/bin/../lib/gcc/arm-none-eabi/4.9.3/../../../../arm-none-eabi/lib/armv7e-m/softfp\libm.a(lib_a-sf_copysign.o)
 .ARM.attributes
                0x00000633       0x22 d:/dave-4.1.2/eclipse/arm-gcc-49/bin/../lib/gcc/arm-none-eabi/4.9.3/armv7e-m/softfp\libgcc.a(_arm_addsubdf3.o)
 .ARM.attributes
                0x00000655       0x22 d:/dave-4.1.2/eclipse/arm-gcc-49/bin/../lib/gcc/arm-none-eabi/4.9.3/armv7e-m/softfp\libgcc.a(_arm_muldivdf3.o)
 .ARM.attributes
                0x00000677       0x22 d:/dave-4.1.2/eclipse/arm-gcc-49/bin/../lib/gcc/arm-none-eabi/4.9.3/armv7e-m/softfp\libgcc.a(_arm_truncdfsf2.o)
 .ARM.attributes
                0x00000699       0x32 d:/dave-4.1.2/eclipse/arm-gcc-49/bin/../lib/gcc/arm-none-eabi/4.9.3/../../../../arm-none-eabi/lib/armv7e-m/softfp\libg_nano.a(lib_a-init.o)
OUTPUT(PWM_from_ex.elf elf32-littlearm)
